---
layout: post
title:  "Playing with md raid"
tags:
  - raid
---


Replacing disk for bigger one

for i in `ls /dev/sd?`; do echo $i; smartctl -a $i | grep 'Device Model'; smartctl -a $i |grep '194 '; smartctl -a $i |grep '  9 ';done



fdisk /dev/sdj
   g   create a new empty GPT partition table
Command (m for help): g
Created a new GPT disklabel (GUID: 593F8624-21A5-5D4A-87BB-A7CAF6BDBE10).

   n   add a new partition


Command (m for help): n
Partition number (1-128, default 1): 
First sector (2048-35156656094, default 2048): 
Last sector, +/-sectors or +/-size{K,M,G,T,P} (2048-35156656094, default 35156656094): +931G

Created a new partition 1 of type 'Linux filesystem' and of size 931 GiB.

Command (m for help): n
Partition number (2-128, default 2): 
First sector (1952450560-35156656094, default 1952450560): 
Last sector, +/-sectors or +/-size{K,M,G,T,P} (1952450560-35156656094, default 35156656094): +931G

Created a new partition 2 of type 'Linux filesystem' and of size 931 GiB.

...

Command (m for help): n
Partition number (18-128, default 18): 
First sector (33191626752-35156656094, default 33191626752): 
Last sector, +/-sectors or +/-size{K,M,G,T,P} (33191626752-35156656094, default 35156656094): +931G

Created a new partition 18 of type 'Linux filesystem' and of size 931 GiB.

Command (m for help): p
Disk /dev/sdj: 16,4 TiB, 18000207937536 bytes, 35156656128 sectors
Disk model: WDC WD181KFGX-68
Units: sectors of 1 * 512 = 512 bytes
Sector size (logical/physical): 512 bytes / 4096 bytes
I/O size (minimum/optimal): 4096 bytes / 4096 bytes
Disklabel type: gpt
Disk identifier: 593F8624-21A5-5D4A-87BB-A7CAF6BDBE10

Device           Start         End    Sectors  Size Type
/dev/sdj1         2048  1952450559 1952448512  931G Linux filesystem
/dev/sdj2   1952450560  3904899071 1952448512  931G Linux filesystem
/dev/sdj3   3904899072  5857347583 1952448512  931G Linux filesystem
/dev/sdj4   5857347584  7809796095 1952448512  931G Linux filesystem
/dev/sdj5   7809796096  9762244607 1952448512  931G Linux filesystem
/dev/sdj6   9762244608 11714693119 1952448512  931G Linux filesystem
/dev/sdj7  11714693120 13667141631 1952448512  931G Linux filesystem
/dev/sdj8  13667141632 15619590143 1952448512  931G Linux filesystem
/dev/sdj9  15619590144 17572038655 1952448512  931G Linux filesystem
/dev/sdj10 17572038656 19524487167 1952448512  931G Linux filesystem
/dev/sdj11 19524487168 21476935679 1952448512  931G Linux filesystem
/dev/sdj12 21476935680 23429384191 1952448512  931G Linux filesystem
/dev/sdj13 23429384192 25381832703 1952448512  931G Linux filesystem
/dev/sdj14 25381832704 27334281215 1952448512  931G Linux filesystem
/dev/sdj15 27334281216 29286729727 1952448512  931G Linux filesystem
/dev/sdj16 29286729728 31239178239 1952448512  931G Linux filesystem
/dev/sdj17 31239178240 33191626751 1952448512  931G Linux filesystem
/dev/sdj18 33191626752 35144075263 1952448512  931G Linux filesystem

Command (m for help): w
The partition table has been altered.
Calling ioctl() to re-read partition table.
Syncing disks.




https://www.thegeekdiary.com/replacing-a-failed-mirror-disk-in-a-software-raid-array-mdadm/

mdadm --manage /dev/md0 --add /dev/sdj1
mdadm --manage /dev/md1 --add /dev/sdj2
mdadm --manage /dev/md2 --add /dev/sdj3
mdadm --manage /dev/md3 --add /dev/sdj4
mdadm --manage /dev/md4 --add /dev/sdj5
mdadm --manage /dev/md5 --add /dev/sdj6
mdadm --manage /dev/md6 --add /dev/sdj7
mdadm --manage /dev/md7 --add /dev/sdj8


mdadm --manage /dev/md8 --add /dev/sdj9
# was 5 disks total
# https://raid.wiki.kernel.org/index.php/Growing
mdadm --grow --raid-devices=6 /dev/md8
mdadm --manage /dev/md9 --add /dev/sdj10
mdadm --grow --raid-devices=6 /dev/md9


pvresize /dev/md8
pvresize /dev/md9


lvextend -l +100%FREE /dev/vg_data/lv_data
resize2fs /dev/mapper/vg_data-lv_data



https://ervikrant06.wordpress.com/2014/11/16/how-to-start-and-stop-mdadm-soft-raids-in-rhel/
mdadm --stop /dev/md6
mdadm --assemble /dev/md6 /dev/sd?7
mdadm --assemble --run /dev/md6 /dev/sd?7






new bigger disk set

mdadm --create /dev/md10 /dev/sdd11 /dev/sde11 /dev/sdf11 /dev/sdg11  --level=6 --raid-devices=4

mdadm --create /dev/md11 /dev/sdd12 /dev/sde12 /dev/sdf12 /dev/sdg12  --level=6 --raid-devices=4
mdadm --create /dev/md12 /dev/sdd13 /dev/sde13 /dev/sdf13 /dev/sdg13  --level=6 --raid-devices=4
mdadm --create /dev/md13 /dev/sdd14 /dev/sde14 /dev/sdf14 /dev/sdg14  --level=6 --raid-devices=4
mdadm --create /dev/md14 /dev/sdd15 /dev/sde15 /dev/sdf15 /dev/sdg15  --level=6 --raid-devices=4
mdadm --create /dev/md15 /dev/sdd16 /dev/sde16 /dev/sdf16 /dev/sdg16  --level=6 --raid-devices=4
mdadm --create /dev/md16 /dev/sdd17 /dev/sde17 /dev/sdf17 /dev/sdg17  --level=6 --raid-devices=4
mdadm --create /dev/md17 /dev/sdd18 /dev/sde18 /dev/sdf18 /dev/sdg18  --level=6 --raid-devices=4



pvcreate /dev/md10
vgextend vg_data /dev/md10

lvextend -l +100%FREE /dev/vg_data/lv_data
resize2fs /dev/mapper/vg_data-lv_data

pvcreate /dev/md11
pvcreate /dev/md12
pvcreate /dev/md13
pvcreate /dev/md14
pvcreate /dev/md15
pvcreate /dev/md16
pvcreate /dev/md17

vgextend vg_data /dev/md11 /dev/md12 /dev/md13 /dev/md14 /dev/md15 /dev/md16 /dev/md17

lvextend -l +100%FREE /dev/vg_data/lv_data
resize2fs /dev/mapper/vg_data-lv_data











https://www.itsfullofstars.de/2019/03/how-to-add-a-new-disk-to-raid5/
https://serverfault.com/questions/692340/how-can-i-tell-pvresize-to-expand-a-physical-volume-to-include-all-available-spa
https://superuser.com/questions/117824/how-to-get-an-inactive-raid-device-working-again
https://raid.wiki.kernel.org/index.php/A_guide_to_mdadm
https://www.thegeekdiary.com/replacing-a-failed-mirror-disk-in-a-software-raid-array-mdadm/
https://www.google.com/search?client=opera&q=mdadm+grow+raid6&sourceid=opera&ie=UTF-8&oe=UTF-8
https://raid.wiki.kernel.org/index.php/Growing
https://unix.stackexchange.com/questions/28636/how-to-check-mdadm-raids-while-running
